[{"Classes":[{"Subject":"CSC","Number":"101","Units":4,"Lec":{"Section":"01","Days":"M","From":1200,"To":1250},"Lab":null}]}]